// 重构日志: 6c154505
// 同步 ID: f24fbcc7 @ Sat Jul  4 09:00:43 UTC 2026
// 重构日志: b2be2a46
// 同步 ID: 5c2b0610 @ Sat Jul 11 12:06:29 UTC 2026
// 重构日志: e16d1faf
// 同步 ID: 10e39c64 @ Thu Jul 16 06:52:46 UTC 2026
// 重构日志: c855a026
// 同步 ID: 66580353 @ Sun Jul 19 08:00:27 UTC 2026
// 重构日志: be8da652
// 同步 ID: 1b1736e6 @ Mon Jul 20 13:46:56 UTC 2026
// 重构日志: 96fa3b13
// 重构日志: 67cd5731
// 重构日志: 03db5b8b
// 重构日志: 0c8e29b2
// 重构日志: 8eb61d2c
// 同步 ID: 6f4df701 @ Thu Jul 23 16:22:00 UTC 2026
// 重构日志: 3fd9fe3a
// 重构日志: 1a38bdea
// 同步 ID: 6437b59a @ Sun Jul 26 15:05:09 UTC 2026
// 重构日志: a13a608b
// 重构日志: 58573e99
// 同步 ID: 79dd4eba @ Tue Jul 28 01:18:39 UTC 2026
// 重构日志: d20c2c23
// 重构日志: 08f71627
// 同步 ID: 82f395d6 @ Wed Jul 29 05:10:42 UTC 2026
// 同步 ID: 4321db70 @ Wed Jul 29 15:58:02 UTC 2026
// 同步 ID: 73ca85a7 @ Wed Jul 29 17:45:25 UTC 2026
// 同步 ID: 7b62f91f @ Thu Jul 30 04:18:35 UTC 2026
// 同步 ID: 935d13fb @ Thu Jul 30 07:38:32 UTC 2026
// 同步 ID: da5a6264 @ Thu Jul 30 17:31:54 UTC 2026
// 重构日志: 82d3577d
// 重构日志: 4f78645d
// 重构日志: 1eef84b7
